MO id_fsm NULL id_fsm.v vlg66/id__fsm.bin 1540565957
MO string NULL string.v vlg7B/string.bin 1540563892
MO splitter NULL splitter.v vlg3F/splitter.bin 1540519258
MO gray NULL gray.v vlg4B/gray.bin 1540522766
MO ext NULL ext.v vlg29/ext.bin 1540522214
MO alu_9 NULL alu_9.v vlg0E/alu__9.bin 1541580767
